11:23:36 **** Incremental Build of configuration Debug for project BUTTON_Example ****
make -j12 all 
arm-none-eabi-gcc "../Core/Src/main.c" -mcpu=cortex-m4 -std=gnu11 -g3 -DDEBUG -DUSE_HAL_DRIVER -DSTM32L4S5xx -c -I../Core/Inc -I../Drivers/STM32L4xx_HAL_Driver/Inc -I../Drivers/STM32L4xx_HAL_Driver/Inc/Legacy -I../Drivers/CMSIS/Device/ST/STM32L4xx/Include -I../Drivers/CMSIS/Include -O0 -ffunction-sections -fdata-sections -Wall -fstack-usage -fcyclomatic-complexity -MMD -MP -MF"Core/Src/main.d" -MT"Core/Src/main.o" --specs=nano.specs -mfpu=fpv4-sp-d16 -mfloat-abi=hard -mthumb -o "Core/Src/main.o"
arm-none-eabi-gcc -o "BUTTON_Example.elf" @"objects.list"   -mcpu=cortex-m4 -T"D:\tinyMl_Workspace\TinyML\STM32\BUTTON_Example\STM32L4S5VITX_FLASH.ld" --specs=nosys.specs -Wl,-Map="BUTTON_Example.map" -Wl,--gc-sections -static --specs=nano.specs -mfpu=fpv4-sp-d16 -mfloat-abi=hard -mthumb -Wl,--start-group -lc -lm -Wl,--end-group
Finished building target: BUTTON_Example.elf
 
arm-none-eabi-size  BUTTON_Example.elf 
arm-none-eabi-objdump -h -S BUTTON_Example.elf  > "BUTTON_Example.list"
   text	   data	    bss	    dec	    hex	filename
   6832	     12	   1572	   8416	   20e0	BUTTON_Example.elf
Finished building: default.size.stdout
 
Finished building: BUTTON_Example.list
 
