12:28:46 **** Incremental Build of configuration Debug for project NANO_Accquisition ****
make -j12 all 
arm-none-eabi-gcc "../Core/Src/main.c" -mcpu=cortex-m4 -std=gnu11 -g3 -DDEBUG -DUSE_HAL_DRIVER -DSTM32L4S5xx -c -I../Core/Inc -I../Drivers/STM32L4xx_HAL_Driver/Inc -I../Drivers/STM32L4xx_HAL_Driver/Inc/Legacy -I../Drivers/CMSIS/Device/ST/STM32L4xx/Include -I../Drivers/CMSIS/Include -O0 -ffunction-sections -fdata-sections -Wall -fstack-usage -fcyclomatic-complexity -MMD -MP -MF"Core/Src/main.d" -MT"Core/Src/main.o" --specs=nano.specs -mfpu=fpv4-sp-d16 -mfloat-abi=hard -mthumb -o "Core/Src/main.o"
arm-none-eabi-gcc -o "NANO_Accquisition.elf" @"objects.list"   -mcpu=cortex-m4 -T"D:\tinyMl_Workspace\TinyML\STM32\NANO_Accquisition\STM32L4S5VITX_FLASH.ld" --specs=nosys.specs -Wl,-Map="NANO_Accquisition.map" -Wl,--gc-sections -static --specs=nano.specs -mfpu=fpv4-sp-d16 -mfloat-abi=hard -mthumb -u _printf_float -u _scanf_float -Wl,--start-group -lc -lm -Wl,--end-group
Finished building target: NANO_Accquisition.elf
 
arm-none-eabi-size  NANO_Accquisition.elf 
arm-none-eabi-objdump -h -S NANO_Accquisition.elf  > "NANO_Accquisition.list"
   text	   data	    bss	    dec	    hex	filename
  42540	    468	   8324	  51332	   c884	NANO_Accquisition.elf
Finished building: default.size.stdout
 
Finished building: NANO_Accquisition.list
 
12:28:53 **** Incremental Build of configuration Debug for project NANO_Accquisition ****
make -j12 all 
arm-none-eabi-size  NANO_Accquisition.elf 
   text	   data	    bss	    dec	    hex	filename
  42540	    468	   8324	  51332	   c884	NANO_Accquisition.elf
Finished building: default.size.stdout
 
12:30:28 **** Incremental Build of configuration Debug for project NANO_Accquisition ****
make -j12 all 
arm-none-eabi-size  NANO_Accquisition.elf 
   text	   data	    bss	    dec	    hex	filename
  42540	    468	   8324	  51332	   c884	NANO_Accquisition.elf
Finished building: default.size.stdout
 
